These are always compilation artifacts
adding this line
lkajsdkalasd
